ok - a remote-seeded secondmate home allocates and launches from its Treehouse pool
ok - a Treehouse slot claim names the launched task, refuses when unclaimable, and is dropped by a locked abort
ok - linked spawning home: primary preserves the primary before any refresh
ok - linked spawning home: primary-alias preserves the primary before any refresh
ok - linked spawning home: spawning preserves the primary before any refresh
ok - linked spawning home: scout preserves the primary before any refresh
ok - a stale pooled worktree refreshes to current origin/main before a crew branch is created
ok - a stale pooled worktree resolves and refreshes a non-main default branch
ok - direct-PR ships and scouts both refresh stale pooled worktrees before launch
ok - a dirty pooled worktree is refused without discarding its local work
ok - an unresolved remote default branch refuses the pooled worktree
ok - an unreachable origin refuses a potentially stale pooled worktree
ok - a ship spawn with --landing-branch starts from the landing tip while the default path is unchanged
ok - a landing branch missing from origin bases the spawn on the project clone's local branch tip
ok - behind local and origin landing tips select the descendant or refuse divergence
ok - behind-shadow local and origin landing tips select the descendant or refuse divergence
ok - equal local and origin landing tips select the descendant or refuse divergence
ok - ahead local and origin landing tips select the descendant or refuse divergence
ok - diverged local and origin landing tips select the descendant or refuse divergence
ok - no-mistakes bases an ahead local landing branch on the origin tip and warns with the unpushed count
ok - direct-PR bases an ahead local landing branch on the origin tip and warns with the unpushed count
ok - a forward landing ancestry error refuses before reset and names both commits
ok - a reverse landing ancestry error refuses before reset and names both commits
ok - a landing branch that resolves nowhere refuses the spawn before touching the worktree
ok - a refreshed base that does not match the landing tip refuses the spawn naming both commits
ok - an origin-less pooled worktree launches as-is, skipping the freshness gate
ok - a dirty origin-less pooled worktree is refused without discarding its local work
ok - an origin configuration without a URL refuses the pooled worktree
ok - an empty origin configuration section refuses the pooled worktree
ok - an empty-only included origin section documents the accepted detection boundary
ok - an inactive conditional origin include leaves the pooled worktree origin-less
ok - an origin-less pool with a stale submodule pin refuses while naming both pins and no remedy
ok - an unpushed submodule commit keeps the uncommitted-work refusal and survives it
ok - work inside a submodule is still refused as uncommitted work, not called stale
ok - a stale pin carrying real work is refused conservatively, never called stale
ok - a stale pin beside other dirt yields the conservative refusal alone, with no stale-pin line
# all fm-spawn-pool-base-freshen tests passed
